// Jest Snapshot v1, https://goo.gl/fbAQLP

exports[`AddQuestion component renders correctly and matches snapshot 1`] = `
<div>
  <div
    class="w-screen h-screen max-h-screen box-border overflow-y-auto bg-gray-100 px-6 py-10 xl:px-20"
  >
    <h2
      class="text-3xl font-bold mb-10 text-gray-800 text-center"
    >
      Add a New Question
    </h2>
    <form
      class="space-y-6 xl:space-y-8 bg-white shadow-2xl p-8 xl:p-12 rounded-2xl"
    >
      <div>
        <label
          class="block text-sm font-medium mb-1"
        >
          Question
        </label>
        <input
          class="w-full border border-gray-300 p-3 rounded-lg focus:outline-none focus:ring-2 focus:ring-blue-500"
          name="question"
          required=""
          type="text"
          value=""
        />
      </div>
      <div>
        <label
          class="block text-sm font-medium mb-2"
        >
          Options
        </label>
        <div
          class="grid grid-cols-1 sm:grid-cols-2 xl:grid-cols-4 gap-4"
        >
          <input
            class="w-full border border-gray-300 p-3 rounded-lg focus:outline-none focus:ring-2 focus:ring-blue-500"
            placeholder="Option 1"
            required=""
            type="text"
            value=""
          />
          <input
            class="w-full border border-gray-300 p-3 rounded-lg focus:outline-none focus:ring-2 focus:ring-blue-500"
            placeholder="Option 2"
            required=""
            type="text"
            value=""
          />
          <input
            class="w-full border border-gray-300 p-3 rounded-lg focus:outline-none focus:ring-2 focus:ring-blue-500"
            placeholder="Option 3"
            required=""
            type="text"
            value=""
          />
          <input
            class="w-full border border-gray-300 p-3 rounded-lg focus:outline-none focus:ring-2 focus:ring-blue-500"
            placeholder="Option 4"
            required=""
            type="text"
            value=""
          />
        </div>
      </div>
      <div
        class="grid grid-cols-1 xl:grid-cols-3 gap-6"
      >
        <div>
          <label
            class="block text-sm font-medium mb-1"
          >
            Correct Answer
          </label>
          <input
            class="w-full border border-gray-300 p-3 rounded-lg focus:outline-none focus:ring-2 focus:ring-blue-500"
            name="correctAnswer"
            required=""
            type="text"
            value=""
          />
        </div>
        <div>
          <label
            class="block text-sm font-medium mb-1"
          >
            Category
          </label>
          <input
            class="w-full border border-gray-300 p-3 rounded-lg focus:outline-none focus:ring-2 focus:ring-blue-500"
            name="category"
            required=""
            type="text"
            value=""
          />
        </div>
        <div>
          <label
            class="block text-sm font-medium mb-1"
          >
            Difficulty
          </label>
          <input
            class="w-full border border-gray-300 p-3 rounded-lg focus:outline-none focus:ring-2 focus:ring-blue-500"
            name="difficulty"
            required=""
            type="text"
            value=""
          />
        </div>
      </div>
      <button
        class="w-full bg-blue-600 text-white py-3 rounded-lg font-medium hover:bg-blue-700 transition"
        type="submit"
      >
        Add Question
      </button>
    </form>
  </div>
</div>
`;
