// Jest Snapshot v1, https://goo.gl/fbAQLP

exports[`QuizComponent snapshot matches snapshot when user has joined 1`] = `
<div>
  <div
    class="bg-gray-50 min-h-screen flex flex-col xl:flex-row xl:min-h-screen xl:w-full xl:overflow-hidden max-w-[1280px] mx-auto"
  >
    <div
      class="w-full xl:w-2/3 p-6 xl:p-12 flex flex-col justify-center"
    >
      <h1
        class="text-3xl font-bold mb-6 text-center xl:text-left text-gray-800"
      >
        Quiz Time 
        <span
          class="text-blue-600"
        >
          (
          Alice
          )
        </span>
      </h1>
      <div
        class="text-center text-lg font-medium text-gray-600"
      >
        Waiting for questions...
      </div>
    </div>
    <div
      class="w-full xl:w-1/3 bg-white p-6 xl:p-12 border-t xl:border-t-0 xl:border-l border-gray-200 flex flex-col justify-between min-h-[320px]"
    >
      <h2
        class="text-xl font-bold mb-4 text-gray-800 text-center xl:text-left"
      >
        Leaderboard
      </h2>
      <ul
        class="space-y-3 overflow-auto flex-grow"
      />
    </div>
  </div>
</div>
`;

exports[`QuizComponent snapshot matches snapshot when user is not joined 1`] = `
<div>
  <div
    class="flex flex-col items-center justify-center min-h-screen bg-gradient-to-br from-blue-50 to-blue-100 p-4"
  >
    <h1
      class="text-3xl font-bold mb-4 text-gray-800"
    >
      Join the Quiz
    </h1>
    <input
      class="border border-gray-300 rounded-md px-4 py-2 mb-3 shadow-sm focus:outline-none focus:ring-2 focus:ring-blue-400 !w-72"
      placeholder="Enter your name"
      type="text"
      value=""
    />
    <button
      class="bg-blue-600 text-white px-6 py-2 rounded-md shadow hover:bg-blue-700 transition"
    >
      Join
    </button>
  </div>
</div>
`;
